#0 building with "desktop-linux" instance using docker driver

#1 [internal] load build definition from Dockerfile
#1 transferring dockerfile:
#1 transferring dockerfile: 2.36kB 0.0s done
#1 DONE 0.7s

#2 [internal] load metadata for docker.io/library/python:3.11-slim@sha256:9534e5a8e315485d4061ed659af0fd78a284c015f9b73661b41d6bab25604534
#2 DONE 0.1s

#3 [internal] load .dockerignore
#3 transferring context:
#3 transferring context: 115B 0.0s done
#3 DONE 0.2s

#4 [1/7] FROM docker.io/library/python:3.11-slim@sha256:9534e5a8e315485d4061ed659af0fd78a284c015f9b73661b41d6bab25604534
#4 resolve docker.io/library/python:3.11-slim@sha256:9534e5a8e315485d4061ed659af0fd78a284c015f9b73661b41d6bab25604534 0.0s done
#4 DONE 0.1s

#5 [internal] load build context
#5 transferring context: 608.02kB 0.1s done
#5 DONE 0.2s

#6 [2/7] COPY scripts/requirements.txt /opt/c3istat/requirements.txt
#6 DONE 0.0s

#7 [3/7] RUN pip install --require-hashes --only-binary=:all: --no-deps -r /opt/c3istat/requirements.txt  && pip check
#7 3.018 Collecting numpy==2.4.6 (from -r /opt/c3istat/requirements.txt (line 5))
#7 3.148   Downloading numpy-2.4.6-cp311-cp311-manylinux_2_27_x86_64.manylinux_2_28_x86_64.whl (16.9 MB)
#7 5.841      ━━━━━━━━━━━━━━━━━━━━━━━━━━━━━━━━━━━━━━━━ 16.9/16.9 MB 5.4 MB/s eta 0:00:00
#7 6.383 Collecting scipy==1.17.1 (from -r /opt/c3istat/requirements.txt (line 6))
#7 6.424   Downloading scipy-1.17.1-cp311-cp311-manylinux_2_27_x86_64.manylinux_2_28_x86_64.whl (35.3 MB)
#7 39.75      ━━━━━━━━━━━━━━━━━━━━━━━━━━━━━━━━━━━━━━━━ 35.3/35.3 MB 3.3 MB/s eta 0:00:00
#7 40.04 Collecting statsmodels==0.15.0 (from -r /opt/c3istat/requirements.txt (line 7))
#7 40.08   Downloading statsmodels-0.15.0-cp311-cp311-manylinux_2_27_x86_64.manylinux_2_28_x86_64.whl (12.1 MB)
#7 43.65      ━━━━━━━━━━━━━━━━━━━━━━━━━━━━━━━━━━━━━━━━ 12.1/12.1 MB 3.3 MB/s eta 0:00:00
#7 44.13 Collecting pandas==3.0.6 (from -r /opt/c3istat/requirements.txt (line 8))
#7 44.17   Downloading pandas-3.0.6-cp311-cp311-manylinux_2_24_x86_64.manylinux_2_28_x86_64.whl (11.1 MB)
#7 52.38      ━━━━━━━━━━━━━━━━━━━━━━━━━━━━━━━━━━━━━━━━ 11.1/11.1 MB 1.3 MB/s eta 0:00:00
#7 52.46 Collecting patsy==1.0.3 (from -r /opt/c3istat/requirements.txt (line 9))
#7 52.50   Downloading patsy-1.0.3-py2.py3-none-any.whl (233 kB)
#7 52.57      ━━━━━━━━━━━━━━━━━━━━━━━━━━━━━━━━━━━━━━━ 233.3/233.3 kB 3.3 MB/s eta 0:00:00
#7 52.63 Collecting formulaic==1.2.2 (from -r /opt/c3istat/requirements.txt (line 10))
#7 52.67   Downloading formulaic-1.2.2-py3-none-any.whl (118 kB)
#7 52.71      ━━━━━━━━━━━━━━━━━━━━━━━━━━━━━━━━━━━━━━━ 118.9/118.9 kB 3.4 MB/s eta 0:00:00
#7 52.76 Collecting interface-meta==2.0.1 (from -r /opt/c3istat/requirements.txt (line 11))
#7 52.80   Downloading interface_meta-2.0.1-py3-none-any.whl (15 kB)
#7 52.96 Collecting narwhals==2.26.0 (from -r /opt/c3istat/requirements.txt (line 12))
#7 52.99   Downloading narwhals-2.26.0-py3-none-any.whl (474 kB)
#7 53.14      ━━━━━━━━━━━━━━━━━━━━━━━━━━━━━━━━━━━━━━━ 474.0/474.0 kB 3.3 MB/s eta 0:00:00
#7 53.15 Requirement already satisfied: packaging==26.3 in /usr/local/lib/python3.11/site-packages (from -r /opt/c3istat/requirements.txt (line 13)) (26.3)
#7 53.21 Collecting python-dateutil==2.9.0.post0 (from -r /opt/c3istat/requirements.txt (line 14))
#7 53.24   Downloading python_dateutil-2.9.0.post0-py2.py3-none-any.whl (229 kB)
#7 53.32      ━━━━━━━━━━━━━━━━━━━━━━━━━━━━━━━━━━━━━━━ 229.9/229.9 kB 3.3 MB/s eta 0:00:00
#7 53.38 Collecting six==1.17.0 (from -r /opt/c3istat/requirements.txt (line 15))
#7 53.42   Downloading six-1.17.0-py2.py3-none-any.whl (11 kB)
#7 53.50 Collecting typing-extensions==4.16.0 (from -r /opt/c3istat/requirements.txt (line 16))
#7 53.54   Downloading typing_extensions-4.16.0-py3-none-any.whl (45 kB)
#7 53.55      ━━━━━━━━━━━━━━━━━━━━━━━━━━━━━━━━━━━━━━━━ 45.6/45.6 kB 8.4 MB/s eta 0:00:00
#7 54.55 Collecting wrapt==2.4.1 (from -r /opt/c3istat/requirements.txt (line 17))
#7 54.59   Downloading wrapt-2.4.1-cp311-cp311-manylinux1_x86_64.manylinux_2_28_x86_64.manylinux_2_5_x86_64.whl (226 kB)
#7 54.66      ━━━━━━━━━━━━━━━━━━━━━━━━━━━━━━━━━━━━━━━ 226.2/226.2 kB 3.7 MB/s eta 0:00:00
#7 54.69 Installing collected packages: wrapt, typing-extensions, statsmodels, six, scipy, python-dateutil, patsy, pandas, numpy, narwhals, interface-meta, formulaic
#7 74.28 Successfully installed formulaic-1.2.2 interface-meta-2.0.1 narwhals-2.26.0 numpy-2.4.6 pandas-3.0.6 patsy-1.0.3 python-dateutil-2.9.0.post0 scipy-1.17.1 six-1.17.0 statsmodels-0.15.0 typing-extensions-4.16.0 wrapt-2.4.1
#7 74.28 WARNING: Running pip as the 'root' user can result in broken permissions and conflicting behaviour with the system package manager. It is recommended to use a virtual environment instead: https://pip.pypa.io/warnings/venv
#7 78.01 No broken requirements found.
#7 DONE 78.2s

#8 [4/7] COPY scripts/c3istat /opt/c3istat/c3istat
#8 DONE 0.2s

#9 [5/7] COPY synthetic-tests /opt/c3istat/synthetic-tests
#9 DONE 0.1s

#10 [6/7] RUN python -c "import sys; assert sys.version_info[:3] == (3, 11, 16), sys.version"  && python -c "import numpy, scipy, statsmodels; assert (numpy.__version__, scipy.__version__, statsmodels.__version__) == ('2.4.6', '1.17.1', '0.15.0')"  && python -m c3istat surum > /dev/null
#10 DONE 3.1s

#11 [7/7] WORKDIR /work
#11 DONE 0.1s

#12 exporting to image
#12 exporting layers
#12 exporting layers 21.8s done
#12 exporting manifest sha256:eb2f5d9920478c22f489b83cd15782942ede925ca644e0c97dc6b26c049dfd42 0.1s done
#12 exporting config sha256:41c3a94a519036d0239fd44acd7893947cf3c45851dde501ca07fe2c5adcf7ae 0.0s done
#12 exporting attestation manifest sha256:8e1aebd4c26eadfb4fb46518a354c623214b170666515a6e14b98c8d229e337d
#12 exporting attestation manifest sha256:8e1aebd4c26eadfb4fb46518a354c623214b170666515a6e14b98c8d229e337d 0.1s done
#12 exporting manifest list sha256:85d48a772cccfacaa951d8c595566e029a0159c7c23d1217790b1f4e7ee36486 0.1s done
#12 naming to docker.io/library/pq-a09-analiz:1.0
#12 naming to docker.io/library/pq-a09-analiz:1.0 0.0s done
#12 unpacking to docker.io/library/pq-a09-analiz:1.0
#12 unpacking to docker.io/library/pq-a09-analiz:1.0 5.7s done
#12 DONE 28.0s
