# hedef=_bilgi-JOSE-102-mldsa-spi imaj=pq-a09-env-swift:1.0 (sha256:7422932f6627c118a34062e8bc2d0305dd79029c68e7d8fb85fc26ddae30dde5) baslangic=2026-09-25T19:21:09Z zaman_asimi=1200s
# komut: docker run --rm --name pq-a09-ortam-_bilgi-jose-102-mldsa-spi --label pq.agir=derleme --memory=6g --memory-swap=6g -v hedefler/_bilgi-JOSE-102-mldsa-spi:/w -v betikler/konteyner:/b:ro pq-a09-env-swift:1.0 sh -c '(bash|sh) /w/kur.sh'
== swift package resolve
Fetching https://github.com/vapor/jwt-kit.git
[1/10247] Fetching jwt-kit
Fetched https://github.com/vapor/jwt-kit.git (6.78s)
Computing version for https://github.com/vapor/jwt-kit.git
Computed https://github.com/vapor/jwt-kit.git at 5.3.0 (7.02s)
Fetching https://github.com/apple/swift-log.git
Fetching https://github.com/apple/swift-certificates.git
Fetching https://github.com/apple/swift-crypto.git
[1/8165] Fetching swift-log
[2/15743] Fetching swift-log, swift-certificates
[3/34305] Fetching swift-log, swift-certificates, swift-crypto
Fetched https://github.com/apple/swift-log.git (2.73s)
[5964/26140] Fetching swift-certificates, swift-crypto
Fetched https://github.com/apple/swift-certificates.git (23.33s)
Fetched https://github.com/apple/swift-crypto.git (23.36s)
Computing version for https://github.com/apple/swift-crypto.git
Computed https://github.com/apple/swift-crypto.git at 4.5.2 (25.45s)
Fetching https://github.com/apple/swift-asn1.git
[1/1986] Fetching swift-asn1
Fetched https://github.com/apple/swift-asn1.git (3.45s)
Computing version for https://github.com/apple/swift-asn1.git
Computed https://github.com/apple/swift-asn1.git at 1.7.3 (3.76s)
Computing version for https://github.com/apple/swift-certificates.git
Computed https://github.com/apple/swift-certificates.git at 1.21.0 (0.48s)
Computing version for https://github.com/apple/swift-log.git
Computed https://github.com/apple/swift-log.git at 1.15.1 (0.42s)
Creating working copy for https://github.com/apple/swift-asn1.git
Working copy of https://github.com/apple/swift-asn1.git resolved at 1.7.3
Creating working copy for https://github.com/vapor/jwt-kit.git
Working copy of https://github.com/vapor/jwt-kit.git resolved at 5.3.0
Creating working copy for https://github.com/apple/swift-crypto.git
Working copy of https://github.com/apple/swift-crypto.git resolved at 4.5.2
Creating working copy for https://github.com/apple/swift-log.git
Working copy of https://github.com/apple/swift-log.git resolved at 1.15.1
Creating working copy for https://github.com/apple/swift-certificates.git
Working copy of https://github.com/apple/swift-certificates.git resolved at 1.21.0
== swift build
Building for debugging...
[Computing dependencies]
[Constructing description]
[Pre-planning 1 / 454]
[Planning deferred tasks]
[Constructing 1196 / 1343]
[84 / 528]
[100 / 565] SwiftASN1
[103 / 565] CXKCP
[106 / 565] _CertificateInternals
[107 / 565] CCryptoBoringSSL
[114 / 565] CCryptoBoringSSL
[116 / 565] CCryptoBoringSSL
[119 / 565] CCryptoBoringSSL
[123 / 565] CCryptoBoringSSL
[125 / 565] CCryptoBoringSSL
[127 / 565] CCryptoBoringSSL
[134 / 565] CCryptoBoringSSL
[135 / 565] CCryptoBoringSSL
[138 / 565] CCryptoBoringSSL
[140 / 565] CCryptoBoringSSL
[144 / 565] CCryptoBoringSSL
[146 / 565] CCryptoBoringSSL
[150 / 565] CCryptoBoringSSL
[157 / 565] CCryptoBoringSSL
[163 / 565] CCryptoBoringSSL
[166 / 565] CCryptoBoringSSL
[167 / 565] CCryptoBoringSSL
[172 / 565] CCryptoBoringSSL
[173 / 565] CCryptoBoringSSL
[175 / 565] CCryptoBoringSSL
[176 / 565] CCryptoBoringSSL
[177 / 565] CCryptoBoringSSL
[179 / 565] CCryptoBoringSSL
[186 / 565] CCryptoBoringSSL
[189 / 565] CCryptoBoringSSL
[193 / 565] CCryptoBoringSSL
[198 / 565] CCryptoBoringSSL
[201 / 565] CCryptoBoringSSL
[205 / 565] CCryptoBoringSSL
[209 / 565] CCryptoBoringSSL
[212 / 565] CCryptoBoringSSL
[213 / 565] CCryptoBoringSSL
[215 / 565] CCryptoBoringSSL
[219 / 565] CCryptoBoringSSL
[225 / 565] CCryptoBoringSSL
[231 / 565] CCryptoBoringSSL
[238 / 565] CCryptoBoringSSL
[247 / 565] CCryptoBoringSSL
[253 / 565] CCryptoBoringSSL
[257 / 565] CCryptoBoringSSL
[260 / 565] CCryptoBoringSSL
[262 / 565] CCryptoBoringSSL
[265 / 565] CCryptoBoringSSL
[267 / 565] CCryptoBoringSSL
[270 / 565] CCryptoBoringSSL
[271 / 565] CCryptoBoringSSL
[275 / 565] CCryptoBoringSSL
[277 / 565] CCryptoBoringSSL
[280 / 565] CCryptoBoringSSL
[284 / 565] CCryptoBoringSSL
[290 / 565] CCryptoBoringSSL
[292 / 565] CCryptoBoringSSL
[294 / 565] CCryptoBoringSSL
[296 / 565] CCryptoBoringSSL
[303 / 565] CCryptoBoringSSL
[309 / 565] CCryptoBoringSSL
[313 / 565] CCryptoBoringSSL
[315 / 565] CCryptoBoringSSL
[320 / 565] CCryptoBoringSSL
[323 / 565] CCryptoBoringSSL
[326 / 565] CCryptoBoringSSL
[329 / 565] CCryptoBoringSSL
[335 / 565] CCryptoBoringSSL
[340 / 565] CCryptoBoringSSL
[348 / 565] CCryptoBoringSSL
[352 / 565] CCryptoBoringSSL
[359 / 565] CCryptoBoringSSL
[360 / 565] CCryptoBoringSSL
[363 / 565] CCryptoBoringSSL
[368 / 565] CCryptoBoringSSL
[370 / 565] CCryptoBoringSSL
[373 / 565] CCryptoBoringSSL
[378 / 565] CCryptoBoringSSL
[380 / 565] CCryptoBoringSSL
[384 / 565] CCryptoBoringSSL
[388 / 565] CCryptoBoringSSL
[392 / 565] CCryptoBoringSSL
[396 / 565] CCryptoBoringSSL
[399 / 565] CCryptoBoringSSL
[402 / 565] CCryptoBoringSSL
[405 / 565] CCryptoBoringSSL
[413 / 565] CCryptoBoringSSL
[423 / 565] CCryptoBoringSSL
[426 / 565] CCryptoBoringSSL
[430 / 565] CCryptoBoringSSL
[432 / 565] CCryptoBoringSSL
[436 / 565] CCryptoBoringSSL
[438 / 565] CCryptoBoringSSL
[440 / 565] CCryptoBoringSSL
[442 / 565] CCryptoBoringSSL
[447 / 565] CCryptoBoringSSL
[458 / 565] CCryptoBoringSSL
[466 / 565] CCryptoBoringSSL
[471 / 565] CCryptoBoringSSL
[474 / 565] CCryptoBoringSSL
[476 / 565] CCryptoBoringSSL
[480 / 565] CCryptoBoringSSL
[482 / 565] CCryptoBoringSSL
[485 / 565] SwiftASN1
[490 / 565] CCryptoBoringSSL
[493 / 565] SwiftASN1
[495 / 565] SwiftASN1
[499 / 565] Logging
[502 / 566] SwiftASN1
[503 / 566] Logging
[507 / 566] Logging-product
[508 / 566] Logging-product
[512 / 566] CryptoBoringWrapper
[515 / 566] CryptoBoringWrapper
[516 / 566] CryptoBoringWrapper
[516 / 566] Crypto
[519 / 567] CryptoBoringWrapper
[523 / 580] Crypto
[525 / 580] Crypto
[527 / 581] Logging
[530 / 582] SwiftASN1
[534 / 582] SwiftASN1
[536 / 582] Crypto
[537 / 583] CryptoBoringWrapper
[538 / 583] Crypto
[540 / 583] CXKCP
[541 / 583] Crypto
[547 / 584] CryptoExtras
[557 / 597] CryptoExtras
[558 / 597] CryptoExtras
[559 / 598] Crypto
[560 / 598] CryptoExtras
[564 / 598] CCryptoBoringSSLShims
[566 / 598] CryptoExtras
[574 / 601] _CryptoExtras
[582 / 603] CryptoExtras
[594 / 617] CryptoExtras
[595 / 617] X509
[596 / 617] CryptoExtras
[598 / 617] X509
[599 / 617] X509
[599 / 618] X509
[608 / 619] JWTKit
[621 / 632] JWTKit
[621 / 632]
[621 / 632] JWTKit
[629 / 635] JWTKit
[632 / 636] Deneme-product
[632 / 637] Deneme-product
[637 / 637] Deneme-product
Build complete! (40.92 secs)
modul JWTKit (SPI PostQuantum) baglandi
tip MLDSA
== SONUC: basarili
# cikis_kodu=0 sure_s=84 bitis=2026-09-25T19:22:33Z
