# hedef=COSE-035 imaj=pq-a09-env-php:1.0 (sha256:a89612973cf41e3cb0597817bc85206aa10f11aa86b633636457a9fb99ad95c4) baslangic=2026-09-25T13:06:20Z zaman_asimi=900s
# komut: docker run --rm --name pq-a09-ortam-cose-035 --label pq.agir=derleme --memory=6g --memory-swap=6g -v hedefler/COSE-035:/w -v betikler/konteyner:/b:ro pq-a09-env-php:1.0 sh -c '(bash|sh) /w/kur.sh'
== composer require web-auth/cose-lib:4.8.2
./composer.json has been updated
Running composer update web-auth/cose-lib spomky-labs/cbor-php
Loading composer repositories with package information
Updating dependencies
Lock file operations: 5 installs, 0 updates, 0 removals
  - Locking brick/math (1.0.0)
  - Locking spomky-labs/cbor-php (3.4.2)
  - Locking spomky-labs/pki-framework (1.6.3)
  - Locking symfony/polyfill-php81 (v1.38.1)
  - Locking web-auth/cose-lib (4.8.2)
Writing lock file
Installing dependencies from lock file (including require-dev)
Package operations: 5 installs, 0 updates, 0 removals
  - Downloading symfony/polyfill-php81 (v1.38.1)
  - Downloading brick/math (1.0.0)
  - Downloading spomky-labs/cbor-php (3.4.2)
  - Downloading spomky-labs/pki-framework (1.6.3)
  - Downloading web-auth/cose-lib (4.8.2)
  - Installing symfony/polyfill-php81 (v1.38.1): Extracting archive
  - Installing brick/math (1.0.0): Extracting archive
  - Installing spomky-labs/cbor-php (3.4.2): Extracting archive
  - Installing spomky-labs/pki-framework (1.6.3): Extracting archive
  - Installing web-auth/cose-lib (4.8.2): Extracting archive
6 package suggestions were added by new dependencies, use `composer suggest` to see details.
Generating optimized autoload files
5 packages you are using are looking for funding.
Use the `composer fund` command to find out more!
== ML-DSA kaynak izleri (grep; bilgi)
== PHP openssl sabitlerinde ML/PQ adları (ortam; bilgi)
OPENSSL_KEYTYPE_DSA
== sınıf yükleme kontrolü (hedef paketin sınıfları otomatik yükleyiciyle yüklenir; imza doğrulama YOK)
paket=web-auth/cose-lib sinif_yuklendi=72 sinif_yuklenemedi=0
== SONUC: basarili
# cikis_kodu=0 sure_s=3 bitis=2026-09-25T13:06:23Z
