# hedef=COSE-035 imaj=pq-a09-env-php:1.0 (sha256:a89612973cf41e3cb0597817bc85206aa10f11aa86b633636457a9fb99ad95c4) baslangic=2026-09-25T13:04:29Z zaman_asimi=900s
# komut: docker run --rm --name pq-a09-ortam-cose-035 --label pq.agir=derleme --memory=6g --memory-swap=6g -v hedefler/COSE-035:/w -v betikler/konteyner:/b:ro pq-a09-env-php:1.0 sh -c '(bash|sh) /w/kur.sh'
== composer require web-auth/cose-lib:4.8.2
./composer.json has been updated
Running composer update web-auth/cose-lib
Loading composer repositories with package information
Updating dependencies
Lock file operations: 3 installs, 0 updates, 0 removals
  - Locking brick/math (1.0.0)
  - Locking spomky-labs/pki-framework (1.6.3)
  - Locking web-auth/cose-lib (4.8.2)
Writing lock file
Installing dependencies from lock file (including require-dev)
Package operations: 3 installs, 0 updates, 0 removals
  - Downloading brick/math (1.0.0)
  - Downloading spomky-labs/pki-framework (1.6.3)
  - Downloading web-auth/cose-lib (4.8.2)
  - Installing brick/math (1.0.0): Extracting archive
  - Installing spomky-labs/pki-framework (1.6.3): Extracting archive
  - Installing web-auth/cose-lib (4.8.2): Extracting archive
5 package suggestions were added by new dependencies, use `composer suggest` to see details.
Generating optimized autoload files
3 packages you are using are looking for funding.
Use the `composer fund` command to find out more!
== sınıf yükleme kontrolü (hedef paketin sınıfları otomatik yükleyiciyle yüklenir; imza doğrulama YOK)

Parse error: syntax error, unexpected single-quoted string " . $t->getMessage(); }", expecting ")" in /tmp/kontrol.php on line 13
== SONUC: basarisiz
# cikis_kodu=20 sure_s=3 bitis=2026-09-25T13:04:32Z
