# hedef=JOSE-089 imaj=pq-a09-env-ruby:1.0 (sha256:031c9c53bb1acdfa376e00b9abd6590d425f4f2afe58262dc3b6da18adbb42a5) baslangic=2026-09-25T13:09:46Z zaman_asimi=900s
# komut: docker run --rm --name pq-a09-ortam-jose-089 --label pq.agir=derleme --memory=6g --memory-swap=6g -v hedefler/JOSE-089:/w -v betikler/konteyner:/b:ro pq-a09-env-ruby:1.0 sh -c '(bash|sh) /w/kur.sh'
== bundle lock + install (json-jwt = 1.17.2)
Writing lockfile to /tmp/p/Gemfile.lock
Fetching gem metadata from https://rubygems.org/..........
Resolving dependencies...
Fetching gem metadata from https://rubygems.org/.........
Fetching base64 0.3.0
Fetching bigdecimal 4.1.3
Fetching concurrent-ruby 1.3.8
Fetching connection_pool 3.0.2
Installing base64 0.3.0
Fetching drb 2.2.3
Installing bigdecimal 4.1.3 with native extensions
Installing concurrent-ruby 1.3.8
Fetching json 3.0.2
Installing connection_pool 3.0.2
Fetching logger 1.7.0
Installing drb 2.2.3
Fetching prism 1.9.0
Installing json 3.0.2 with native extensions
Installing logger 1.7.0
Fetching securerandom 0.4.1
Installing prism 1.9.0 with native extensions
Installing securerandom 0.4.1
Fetching uri 1.1.1
Installing uri 1.1.1
Fetching aes_key_wrap 1.1.0
Installing aes_key_wrap 1.1.0
Fetching bindata 3.0.0
Installing bindata 3.0.0
Fetching i18n 1.15.2
Installing i18n 1.15.2
Fetching tzinfo 2.0.6
Installing tzinfo 2.0.6
Fetching net-http 0.9.1
Installing net-http 0.9.1
Fetching faraday-net_http 3.4.4
Installing faraday-net_http 3.4.4
Fetching faraday 2.14.4
Installing faraday 2.14.4
Fetching faraday-follow_redirects 0.5.0
Installing faraday-follow_redirects 0.5.0
Fetching minitest 6.0.6
Installing minitest 6.0.6
Fetching activesupport 8.1.4
Installing activesupport 8.1.4
Fetching json-jwt 1.17.2
Installing json-jwt 1.17.2
Bundle complete! 1 Gemfile dependency, 22 gems now installed.
Bundled gems are installed into `./vendor/bundle`
== içe aktarma kontrolü (imza doğrulama YOK)
modul=json/jwt yuklendi; surum=1.17.2
sembol JSON::JWT.decode true
sinif JSON::JWS var
== SONUC: basarili
# cikis_kodu=0 sure_s=27 bitis=2026-09-25T13:10:13Z
