# hedef=JOSE-055 imaj=pq-a09-env-jvm:1.0 (sha256:1900053fd579a7ca0b4cfd6334a30f202d5ffdf737bb6bf06d56bd94d1cdb944) baslangic=2026-09-25T12:49:09Z zaman_asimi=1200s
# komut: docker run --rm --name pq-a09-ortam-jose-055 --label pq.agir=derleme --memory=6g --memory-swap=6g -v hedefler/JOSE-055:/w -v betikler/konteyner:/b:ro pq-a09-env-jvm:1.0 bash /w/kur.sh
== mvn copy-dependencies (io.jsonwebtoken:jjwt-api:0.13.0 io.jsonwebtoken:jjwt-impl:0.13.0 io.jsonwebtoken:jjwt-jackson:0.13.0)
[INFO] Scanning for projects...
[INFO] 
[INFO] ------------------------< pq.a09:ortam-deneme >-------------------------
[INFO] Building ortam-deneme 0
[INFO]   from pom.xml
[INFO] --------------------------------[ jar ]---------------------------------
[INFO] 
[INFO] --- dependency:3.8.1:copy-dependencies (default-cli) @ ortam-deneme ---
[INFO] ------------------------------------------------------------------------
[INFO] BUILD SUCCESS
[INFO] ------------------------------------------------------------------------
[INFO] Total time:  9.337 s
[INFO] Finished at: 2026-09-25T12:49:21Z
[INFO] ------------------------------------------------------------------------
== bağlama kontrolü (sınıflar ilklendirilmeden yüklenir; imza doğrulama YOK)
jar=jjwt-api-0.13.0.jar sinif_yuklendi=196 sinif_yuklenemedi=0
ad_eslesen_siniflar (Verif|Validat; bilgi): io.jsonwebtoken.security.VerifyDigestRequest,io.jsonwebtoken.security.VerifySecureDigestRequest
anahtar_sinif io.jsonwebtoken.Jwts OK
anahtar_sinif io.jsonwebtoken.JwtParserBuilder OK
anahtar_sinif io.jsonwebtoken.impl.DefaultJwtParserBuilder OK
jar=jjwt-impl-0.13.0.jar sinif_yuklendi=350 sinif_yuklenemedi=0
ad_eslesen_siniflar (Verif|Validat; bilgi): io.jsonwebtoken.impl.security.DefaultVerifyDigestRequest,io.jsonwebtoken.impl.security.DefaultVerifySecureDigestRequest
== SONUC: basarili
# cikis_kodu=0 sure_s=14 bitis=2026-09-25T12:49:23Z
