# hedef=SDJWT-002 imaj=pq-a09-env-dart:1.0 (sha256:ea785da036e5c926a7afe8e554dcaa0fa7f31dd13e1aba4f1163168994f6f643) baslangic=2026-09-25T19:29:40Z zaman_asimi=1200s
# komut: docker run --rm --name pq-a09-ortam-sdjwt-002 --label pq.agir=derleme --memory=6g --memory-swap=6g -v hedefler/SDJWT-002:/w -v betikler/konteyner:/b:ro pq-a09-env-dart:1.0 sh -c '(bash|sh) /w/kur.sh'
== dart pub get
Resolving dependencies...
Downloading packages...
+ clock 1.1.3
+ collection 1.19.1
+ convert 3.1.2
+ crypto 3.0.7
+ dart_jsonwebtoken 3.4.1
+ equatable 2.1.0 (3.0.0 available)
+ fixnum 1.1.1
+ meta 1.19.0
+ pointycastle 4.0.0
+ rfc_6901 0.2.1
+ selective_disclosure_jwt 1.1.1
+ typed_data 1.4.0
+ uuid 4.6.0
Changed 13 dependencies!
1 package has newer versions incompatible with dependency constraints.
Try `dart pub outdated` for more information.
doğrulayıcı sınıf adları (kaynak taraması): KbVerifyAction SDKeyVerifier SdJwtVerifierInput 
paket selective_disclosure_jwt ice aktarildi
tip SDKeyVerifier
== SONUC: basarili
# cikis_kodu=0 sure_s=4 bitis=2026-09-25T19:29:45Z
