# hedef=SDJWT-018 imaj=pq-a09-env-python:1.0 (sha256:94dbdfc9282786cc2304d9bc08f951c078d22fb18e03c5055745d627e9fa3b9c) baslangic=2026-09-25T12:39:55Z zaman_asimi=900s
# komut: docker run --rm --name pq-a09-ortam-sdjwt-018 --label pq.agir=derleme --memory=6g --memory-swap=6g -v hedefler/SDJWT-018:/w -v betikler/konteyner:/b:ro pq-a09-env-python:1.0 bash /w/kur.sh
== pip install sd-jwt==0.10.4
Collecting sd-jwt==0.10.4
  Downloading sd_jwt-0.10.4-py3-none-any.whl.metadata (8.2 kB)
Collecting jwcrypto>=1.3.1 (from sd-jwt==0.10.4)
  Downloading jwcrypto-1.6.1-py3-none-any.whl.metadata (3.4 kB)
Collecting pyyaml>=5.4 (from sd-jwt==0.10.4)
  Downloading pyyaml-6.0.3-cp313-cp313-manylinux2014_x86_64.manylinux_2_17_x86_64.manylinux_2_28_x86_64.whl.metadata (2.4 kB)
Collecting cryptography>=49.0.0 (from jwcrypto>=1.3.1->sd-jwt==0.10.4)
  Downloading cryptography-50.0.1-cp311-abi3-manylinux_2_34_x86_64.whl.metadata (4.3 kB)
Collecting typing_extensions>=4.5.0 (from jwcrypto>=1.3.1->sd-jwt==0.10.4)
  Downloading typing_extensions-4.16.0-py3-none-any.whl.metadata (3.3 kB)
Collecting cffi>=2.0.0 (from cryptography>=49.0.0->jwcrypto>=1.3.1->sd-jwt==0.10.4)
  Downloading cffi-2.1.1-cp313-cp313-manylinux2014_x86_64.manylinux_2_17_x86_64.whl.metadata (2.5 kB)
Collecting pycparser (from cffi>=2.0.0->cryptography>=49.0.0->jwcrypto>=1.3.1->sd-jwt==0.10.4)
  Downloading pycparser-3.0-py3-none-any.whl.metadata (8.2 kB)
Downloading sd_jwt-0.10.4-py3-none-any.whl (27 kB)
Downloading jwcrypto-1.6.1-py3-none-any.whl (121 kB)
Downloading cryptography-50.0.1-cp311-abi3-manylinux_2_34_x86_64.whl (4.7 MB)
   ━━━━━━━━━━━━━━━━━━━━━━━━━━━━━━━━━━━━━━━━ 4.7/4.7 MB 6.1 MB/s  0:00:00
Downloading cffi-2.1.1-cp313-cp313-manylinux2014_x86_64.manylinux_2_17_x86_64.whl (221 kB)
Downloading pyyaml-6.0.3-cp313-cp313-manylinux2014_x86_64.manylinux_2_17_x86_64.manylinux_2_28_x86_64.whl (801 kB)
   ━━━━━━━━━━━━━━━━━━━━━━━━━━━━━━━━━━━━━━━━ 801.6/801.6 kB 7.4 MB/s  0:00:00
Downloading typing_extensions-4.16.0-py3-none-any.whl (45 kB)
Downloading pycparser-3.0-py3-none-any.whl (48 kB)
Installing collected packages: typing_extensions, pyyaml, pycparser, cffi, cryptography, jwcrypto, sd-jwt

Successfully installed cffi-2.1.1 cryptography-50.0.1 jwcrypto-1.6.1 pycparser-3.0 pyyaml-6.0.3 sd-jwt-0.10.4 typing_extensions-4.16.0
ORTAM cryptography 50.0.1; gömülü OpenSSL 4.0.2 25 Aug 2026; mldsa_modulu=var
== içe aktarma kontrolü (imza doğrulama YOK)
modul=sd_jwt yuklendi; dagitim surumu=0.10.4
sembol SDJWTVerifier SDJWTVerifier
bagimlilik jwcrypto 1.6.1
== SONUC: basarili
# cikis_kodu=0 sure_s=14 bitis=2026-09-25T12:40:09Z
