# hedef=SDJWT-001 imaj=pq-a09-env-jvm:1.0 (sha256:1900053fd579a7ca0b4cfd6334a30f202d5ffdf737bb6bf06d56bd94d1cdb944) baslangic=2026-09-25T12:50:09Z zaman_asimi=1200s
# komut: docker run --rm --name pq-a09-ortam-sdjwt-001 --label pq.agir=derleme --memory=6g --memory-swap=6g -v hedefler/SDJWT-001:/w -v betikler/konteyner:/b:ro pq-a09-env-jvm:1.0 bash /w/kur.sh
== mvn copy-dependencies (at.asitplus.wallet:vck-jvm:7.0.1 )
[INFO] Scanning for projects...
[INFO] 
[INFO] ------------------------< pq.a09:ortam-deneme >-------------------------
[INFO] Building ortam-deneme 0
[INFO]   from pom.xml
[INFO] --------------------------------[ jar ]---------------------------------
[INFO] 
[INFO] --- dependency:3.8.1:copy-dependencies (default-cli) @ ortam-deneme ---
[INFO] ------------------------------------------------------------------------
[INFO] BUILD SUCCESS
[INFO] ------------------------------------------------------------------------
[INFO] Total time:  13.581 s
[INFO] Finished at: 2026-09-25T12:50:24Z
[INFO] ------------------------------------------------------------------------
== bağlama kontrolü (sınıflar ilklendirilmeden yüklenir; imza doğrulama YOK)
jar=vck-jvm-7.0.1.jar sinif_yuklendi=553 sinif_yuklenemedi=0
ad_eslesen_siniflar (Verif|Validat; bilgi): at.asitplus.wallet.lib.AbstractMdocVerifier,at.asitplus.wallet.lib.MdocDeviceSignatureVerifier,at.asitplus.wallet.lib.agent.NonceChallengeVerifier,at.asitplus.wallet.lib.agent.ValidatiorVcJwsValidationException,at.asitplus.wallet.lib.agent.Validator,at.asitplus.wallet.lib.agent.ValidatorMdoc,at.asitplus.wallet.lib.agent.ValidatorSdJwt,at.asitplus.wallet.lib.agent.ValidatorVcJws,at.asitplus.wallet.lib.agent.VerifiablePresentationFactory,at.asitplus.wallet.lib.agent.Verifier,at.asitplus.wallet.lib.agent.VerifierAgent,at.asitplus.wallet.lib.agent.VerifierKt,at.asitplus.wallet.lib.agent.VerifyMac,at.asitplus.wallet.lib.agent.VerifyMacFun,at.asitplus.wallet.lib.agent.VerifySignature,at.asitplus.wallet.lib.agent.VerifySignatureFun,at.asitplus.wallet.lib.agent.validation.CredentialTimelinessValidationSummary,at.asitplus.wallet.lib.agent.validation.CredentialTimelinessValidator,at.asitplus.wallet.lib.agent.validation.TokenStatusValidator,at.asitplus.wallet.lib.agent.validation.TokenStatusValidatorKt,at.asitplus.wallet.lib.agent.validation.mdoc.MdocInputValidationSummary,at.asitplus.wallet.lib.agent.validation.mdoc.MdocInputValidator,at.asitplus.wallet.lib.agent.validation.mdoc.MdocTimelinessValidationDetails,at.asitplus.wallet.lib.agent.validation.mdoc.MdocTimelinessValidator,at.asitplus.wallet.lib.agent.validation.mdoc.MobileSecurityObjectTimelinessValidationSummary
== SONUC: basarili
# cikis_kodu=0 sure_s=18 bitis=2026-09-25T12:50:27Z
