# hedef=SDJWT-025 imaj=pq-a09-env-rust:1.0 (sha256:b21d9e67309a86054643e61d4f78c5da262aca261b5dea7e5e047144306be32b) baslangic=2026-09-25T13:13:33Z zaman_asimi=1800s
# komut: docker run --rm --name pq-a09-ortam-sdjwt-025 --label pq.agir=derleme --memory=6g --memory-swap=6g -v hedefler/SDJWT-025:/w -v betikler/konteyner:/b:ro pq-a09-env-rust:1.0 sh -c '(bash|sh) /w/kur.sh'
[package]
name = "ortam-deneme"
version = "0.0.0"
edition = "2021"
publish = false

[dependencies]
ssi-sd-jwt = { version = "=0.6.0" }
== Aşama A: cargo build
    Updating crates.io index
     Locking 218 packages to latest compatible versions
      Adding generic-array v0.14.7 (available: v0.14.9)
 Downloading crates ...
  Downloaded block-buffer v0.9.0
  Downloaded darling_macro v0.20.11
  Downloaded base45 v3.2.0
  Downloaded const-str v0.4.3
  Downloaded mown v0.2.2
  Downloaded base-x v0.2.11
  Downloaded crunchy v0.2.4
  Downloaded ciborium-ll v0.2.2
  Downloaded json-ld-serialization v0.21.4
  Downloaded block-buffer v0.10.4
  Downloaded cpufeatures v0.2.17
  Downloaded data-encoding-macro-internal v0.1.19
  Downloaded keccak-hash v0.7.0
  Downloaded futures-core v0.3.34
  Downloaded ciborium-io v0.2.2
  Downloaded lazy_static v1.5.0
  Downloaded combination v0.1.5
  Downloaded linked-data-derive v0.1.0
  Downloaded hex_fmt v0.3.0
  Downloaded enum-ordinalize-derive v4.4.2
  Downloaded hex v0.4.3
  Downloaded contextual v0.1.6
  Downloaded enum-ordinalize v4.4.2
  Downloaded smallstr v0.3.1
  Downloaded json-number v0.4.10
  Downloaded locspan-derive v0.6.0
  Downloaded ssi-core v0.3.0
  Downloaded futures-sink v0.3.34
  Downloaded digest v0.9.0
  Downloaded fnv v1.0.7
  Downloaded futures-task v0.3.34
  Downloaded fixed-hash v0.7.0
  Downloaded futures-io v0.3.34
  Downloaded ident_case v1.0.1
  Downloaded itoa v1.0.18
  Downloaded decoded-char v0.1.1
  Downloaded base256emoji v1.0.2
  Downloaded crypto-common v0.1.7
  Downloaded enum-ordinalize v3.1.15
  Downloaded equivalent v1.0.2
  Downloaded unsigned-varint v0.7.2
  Downloaded opaque-debug v0.3.1
  Downloaded num-derive v0.3.3
  Downloaded raw-btree v0.3.3
  Downloaded strsim v0.11.1
  Downloaded rand_core v0.6.4
  Downloaded quote v1.0.47
  Downloaded sha2 v0.9.9
  Downloaded ssi-json-ld v0.3.3
  Downloaded cfg-if v1.0.5
  Downloaded clear_on_drop v0.2.5
  Downloaded futures-macro v0.3.34
  Downloaded data-encoding-macro v0.1.21
  Downloaded zeroize_derive v1.5.0
  Downloaded ssi-claims-core v0.2.0
  Downloaded pretty_dtoa v0.3.0
  Downloaded primitive-types v0.9.1
  Downloaded permutohedron v0.2.4
  Downloaded serde_jcs v0.1.0
  Downloaded ssi-multicodec v0.2.0
  Downloaded locspan v0.8.2
  Downloaded static-iref v3.0.0
  Downloaded version_check v0.9.5
  Downloaded proc-macro-error-attr v1.0.4
  Downloaded num-conv v0.2.2
  Downloaded pct-str v2.0.0
  Downloaded powerfmt v0.2.0
  Downloaded digest v0.10.7
  Downloaded byteorder v1.5.0
  Downloaded data-encoding v2.11.1
  Downloaded generic-array v0.14.7
  Downloaded find-msvc-tools v0.1.14
  Downloaded json-ld-context-processing v0.21.4
  Downloaded bs58 v0.4.0
  Downloaded rand_chacha v0.3.1
  Downloaded async-trait v0.1.92
  Downloaded futures-executor v0.3.34
  Downloaded lexical-core v1.0.6
  Downloaded utf8-decode v1.0.1
  Downloaded abnf-core v0.5.0
  Downloaded json-ld-compaction v0.21.4
  Downloaded match-lookup v0.1.3
  Downloaded deranged v0.5.8
  Downloaded bitmaps v2.1.0
  Downloaded cc-traits v2.0.0
  Downloaded iref v3.2.2
  Downloaded lexical v7.0.5
  Downloaded json-ld-expansion v0.21.4
  Downloaded csv-core v0.1.13
  Downloaded autocfg v1.5.1
  Downloaded btree-range-map v0.7.2
  Downloaded indoc v2.0.7
  Downloaded zmij v1.0.23
  Downloaded btree-slab v0.6.1
  Downloaded iana-time-zone v0.1.65
  Downloaded lexical-parse-integer v1.0.6
  Downloaded darling v0.20.11
  Downloaded replace_with v0.1.8
  Downloaded langtag v0.4.0
  Downloaded futures-channel v0.3.34
  Downloaded ahash v0.7.8
  Downloaded abnf v0.13.0
  Downloaded ssi-crypto v0.2.1
  Downloaded educe v0.4.23
  Downloaded allocator-api2 v0.2.21
  Downloaded ahash v0.8.12
  Downloaded time-core v0.1.9
  Downloaded ciborium v0.2.2
  Downloaded getrandom v0.2.17
  Downloaded ordered-float v4.6.0
  Downloaded zeroize v1.9.0
  Downloaded educe v0.5.11
  Downloaded json-syntax v0.12.5
  Downloaded thiserror-impl v1.0.69
  Downloaded rustversion v1.0.23
  Downloaded serde_core v1.0.229
  Downloaded range-traits v0.3.2
  Downloaded ryu_floating_decimal v0.1.0
  Downloaded slab v0.4.12
  Downloaded shlex v2.0.1
  Downloaded half v2.7.1
  Downloaded futures v0.3.34
  Downloaded indexmap v1.9.3
  Downloaded simple_asn1 v0.5.4
  Downloaded serde_with_macros v2.3.3
  Downloaded thiserror v1.0.69
  Downloaded multibase v0.9.3
  Downloaded thiserror-impl v2.0.21
  Downloaded num-integer v0.1.47
  Downloaded base64 v0.13.1
  Downloaded darling_core v0.20.11
  Downloaded iref-core v3.2.2
  Downloaded ssi-jwt v0.6.0
  Downloaded rand_xoshiro v0.6.0
  Downloaded num-rational v0.4.2
  Downloaded ppv-lite86 v0.2.21
  Downloaded pin-project-internal v1.1.13
  Downloaded mime v0.3.17
  Downloaded tiny-keccak v2.0.2
  Downloaded uint v0.9.5
  Downloaded thiserror v2.0.21
  Downloaded json-ld-syntax v0.21.4
  Downloaded lexical-write-integer v1.0.6
  Downloaded base64 v0.22.1
  Downloaded ssi-eip712 v0.1.1
  Downloaded sha2 v0.10.9
  Downloaded static_assertions v1.1.0
  Downloaded json-ld-core v0.21.4
  Downloaded ordered-float v3.9.2
  Downloaded indexmap v2.14.2
  Downloaded lexical-util v1.0.7
  Downloaded proc-macro-error v1.0.4
  Downloaded ryu-js v0.2.2
  Downloaded im v15.1.0
  Downloaded hashbrown v0.13.2
  Downloaded ssi-jwk v0.4.0
  Downloaded once_cell v1.21.4
  Downloaded cc v1.5.0
  Downloaded lexical-write-float v1.0.6
  Downloaded smallvec v1.16.2
  Downloaded hashbrown v0.12.3
  Downloaded time-macros v0.2.32
  Downloaded linked-data v0.1.2
  Downloaded hashbrown v0.17.1
  Downloaded pin-project-lite v0.2.17
  Downloaded static-regular-grammar v2.0.2
  Downloaded hashbrown v0.14.5
  Downloaded unicode-ident v1.0.26
  Downloaded sized-chunks v0.6.5
  Downloaded futures-util v0.3.34
  Downloaded lexical-parse-float v1.0.6
  Downloaded chrono v0.4.45
  Downloaded proc-macro2 v1.0.107
  Downloaded serde_derive v1.0.229
  Downloaded pin-project v1.1.13
  Downloaded ssi-contexts v0.1.10
  Downloaded xsd-types v0.9.6
  Downloaded num-traits v0.2.19
  Downloaded ryu v1.0.23
  Downloaded ssi-jws v0.5.0
  Downloaded log v0.4.34
  Downloaded num-bigint v0.4.8
  Downloaded serde v1.0.229
  Downloaded csv v1.4.0
  Downloaded rand v0.8.8
  Downloaded minimal-lexical v0.2.1
  Downloaded ssi-rdf v0.1.1
  Downloaded typenum v1.20.1
  Downloaded ssi-sd-jwt v0.6.0
  Downloaded memchr v2.8.3
  Downloaded json-ld v0.21.4
  Downloaded serde_with v2.3.3
  Downloaded nom v7.1.3
  Downloaded serde_json v1.0.151
  Downloaded rdf-types v0.22.5
  Downloaded zerocopy-derive v0.8.58
  Downloaded syn v1.0.109
  Downloaded time v0.3.55
  Downloaded zerocopy v0.8.58
  Downloaded syn v2.0.119
  Downloaded syn v3.0.6
  Downloaded libc v0.2.189
   Compiling proc-macro2 v1.0.107
   Compiling quote v1.0.47
   Compiling unicode-ident v1.0.26
   Compiling version_check v0.9.5
   Compiling cfg-if v1.0.5
   Compiling serde v1.0.229
   Compiling typenum v1.20.1
   Compiling serde_core v1.0.229
   Compiling memchr v2.8.3
   Compiling thiserror v1.0.69
   Compiling syn v1.0.109
   Compiling autocfg v1.5.1
   Compiling slab v0.4.12
   Compiling zerocopy v0.8.58
   Compiling smallvec v1.16.2
   Compiling cpufeatures v0.2.17
   Compiling generic-array v0.14.7
   Compiling proc-macro-error-attr v1.0.4
   Compiling proc-macro-error v1.0.4
   Compiling minimal-lexical v0.2.1
   Compiling cc-traits v2.0.0
   Compiling ciborium-io v0.2.2
   Compiling libc v0.2.189
   Compiling num-traits v0.2.19
   Compiling range-traits v0.3.2
   Compiling indoc v2.0.7
   Compiling nom v7.1.3
   Compiling btree-slab v0.6.1
   Compiling utf8-decode v1.0.1
   Compiling hex_fmt v0.3.0
   Compiling once_cell v1.21.4
   Compiling lexical-util v1.0.7
   Compiling ahash v0.7.8
   Compiling syn v2.0.119
   Compiling syn v3.0.6
   Compiling crypto-common v0.1.7
   Compiling block-buffer v0.10.4
   Compiling num-integer v0.1.47
   Compiling digest v0.10.7
   Compiling lexical-parse-integer v1.0.6
   Compiling lexical-write-integer v1.0.6
   Compiling sha2 v0.10.9
   Compiling num-bigint v0.4.8
   Compiling getrandom v0.2.17
   Compiling lexical-write-float v1.0.6
   Compiling lexical-parse-float v1.0.6
   Compiling rand_core v0.6.4
   Compiling abnf-core v0.5.0
   Compiling lexical-core v1.0.6
   Compiling indexmap v1.9.3
   Compiling ryu_floating_decimal v0.1.0
   Compiling abnf v0.13.0
   Compiling ryu-js v0.2.2
   Compiling lexical v7.0.5
   Compiling hashbrown v0.12.3
   Compiling iana-time-zone v0.1.65
   Compiling hashbrown v0.17.1
   Compiling equivalent v1.0.2
   Compiling contextual v0.1.6
   Compiling bitmaps v2.1.0
   Compiling im v15.1.0
   Compiling ahash v0.8.12
   Compiling decoded-char v0.1.1
   Compiling indexmap v2.14.2
   Compiling raw-btree v0.3.3
   Compiling replace_with v0.1.8
   Compiling pretty_dtoa v0.3.0
   Compiling num-rational v0.4.2
   Compiling rand_xoshiro v0.6.0
   Compiling ordered-float v3.9.2
   Compiling futures-core v0.3.34
   Compiling futures-sink v0.3.34
   Compiling sized-chunks v0.6.5
   Compiling lazy_static v1.5.0
   Compiling futures-channel v0.3.34
   Compiling futures-task v0.3.34
   Compiling pin-project-lite v0.2.17
   Compiling futures-io v0.3.34
   Compiling crunchy v0.2.4
   Compiling itoa v1.0.18
   Compiling log v0.4.34
   Compiling permutohedron v0.2.4
   Compiling hex v0.4.3
   Compiling mime v0.3.17
   Compiling block-buffer v0.9.0
   Compiling digest v0.9.0
   Compiling static_assertions v1.1.0
   Compiling opaque-debug v0.3.1
   Compiling mown v0.2.2
   Compiling zmij v1.0.23
   Compiling sha2 v0.9.9
   Compiling byteorder v1.5.0
   Compiling thiserror v2.0.21
   Compiling serde_json v1.0.151
   Compiling tiny-keccak v2.0.2
   Compiling uint v0.9.5
   Compiling fixed-hash v0.7.0
   Compiling csv-core v0.1.13
   Compiling ryu v1.0.23
   Compiling primitive-types v0.9.1
   Compiling bs58 v0.4.0
   Compiling csv v1.4.0
   Compiling strsim v0.11.1
   Compiling shlex v2.0.1
   Compiling data-encoding v2.11.1
   Compiling find-msvc-tools v0.1.14
   Compiling combination v0.1.5
   Compiling fnv v1.0.7
   Compiling ident_case v1.0.1
   Compiling cc v1.5.0
   Compiling ssi-contexts v0.1.10
   Compiling const-str v0.4.3
   Compiling unsigned-varint v0.7.2
   Compiling keccak-hash v0.7.0
   Compiling darling_core v0.20.11
   Compiling ppv-lite86 v0.2.21
   Compiling base45 v3.2.0
   Compiling locspan-derive v0.6.0
   Compiling hashbrown v0.13.2
   Compiling base-x v0.2.11
   Compiling num-derive v0.3.3
   Compiling serde_derive v1.0.229
   Compiling enum-ordinalize-derive v4.4.2
   Compiling futures-macro v0.3.34
   Compiling rand_chacha v0.3.1
   Compiling async-trait v0.1.92
   Compiling enum-ordinalize v4.4.2
   Compiling rand v0.8.8
   Compiling thiserror-impl v2.0.21
   Compiling data-encoding-macro-internal v0.1.19
   Compiling base64 v0.22.1
   Compiling allocator-api2 v0.2.21
   Compiling futures-util v0.3.34
   Compiling clear_on_drop v0.2.5
   Compiling data-encoding-macro v0.1.21
   Compiling thiserror-impl v1.0.69
   Compiling zerocopy-derive v0.8.58
   Compiling enum-ordinalize v3.1.15
   Compiling educe v0.5.11
   Compiling pin-project-internal v1.1.13
   Compiling zeroize_derive v1.5.0
   Compiling match-lookup v0.1.3
   Compiling hashbrown v0.14.5
   Compiling educe v0.4.23
   Compiling base256emoji v1.0.2
   Compiling darling_macro v0.20.11
   Compiling multibase v0.9.3
   Compiling zeroize v1.9.0
   Compiling darling v0.20.11
   Compiling serde_with_macros v2.3.3
   Compiling pin-project v1.1.13
   Compiling pct-str v2.0.0
   Compiling ssi-multicodec v0.2.0
   Compiling chrono v0.4.45
   Compiling locspan v0.8.2
   Compiling smallstr v0.3.1
   Compiling json-number v0.4.10
   Compiling serde_jcs v0.1.0
   Compiling ssi-core v0.3.0
   Compiling ordered-float v4.6.0
   Compiling serde_with v2.3.3
   Compiling btree-range-map v0.7.2
   Compiling json-syntax v0.12.5
   Compiling futures-executor v0.3.34
   Compiling futures v0.3.34
   Compiling simple_asn1 v0.5.4
   Compiling half v2.7.1
   Compiling ciborium-ll v0.2.2
   Compiling ciborium v0.2.2
   Compiling static-regular-grammar v2.0.2
   Compiling iref-core v3.2.2
   Compiling langtag v0.4.0
   Compiling iref v3.2.2
   Compiling static-iref v3.0.0
   Compiling rdf-types v0.22.5
   Compiling linked-data-derive v0.1.0
   Compiling xsd-types v0.9.6
   Compiling ssi-crypto v0.2.1
   Compiling json-ld-syntax v0.21.4
   Compiling linked-data v0.1.2
   Compiling json-ld-core v0.21.4
   Compiling ssi-rdf v0.1.1
   Compiling ssi-eip712 v0.1.1
   Compiling json-ld-context-processing v0.21.4
   Compiling json-ld-serialization v0.21.4
   Compiling json-ld-expansion v0.21.4
   Compiling json-ld-compaction v0.21.4
   Compiling json-ld v0.21.4
   Compiling ssi-json-ld v0.3.3
   Compiling ssi-claims-core v0.2.0
   Compiling ssi-jwk v0.4.0
   Compiling ssi-jws v0.5.0
   Compiling ssi-jwt v0.6.0
   Compiling ssi-sd-jwt v0.6.0
   Compiling ortam-deneme v0.0.0 (/tmp/p)
    Finished `dev` profile [unoptimized + debuginfo] target(s) in 25.91s
== Aşama B: API tiplerine başvuran program
   Compiling ortam-deneme v0.0.0 (/tmp/p)
    Finished `dev` profile [unoptimized + debuginfo] target(s) in 0.23s
krate ssi_sd_jwt baglandi
tip ssi_sd_jwt::digest::SdAlg
tip ssi_sd_jwt::SdJwtBuf
== SONUC: basarili
# cikis_kodu=0 sure_s=27 bitis=2026-09-25T13:14:00Z
