#0 building with "desktop-linux" instance using docker driver

#1 [internal] load build definition from Dockerfile
#1 transferring dockerfile: 1.54kB done
#1 DONE 0.0s

#2 [internal] load metadata for docker.io/library/maven:3.9.16-eclipse-temurin-25-noble@sha256:dd8e01b3be719853578c07b57ff8d9bbbbfe746f802226f05b19689420815221
#2 DONE 0.0s

#3 [internal] load metadata for docker.io/library/gradle:9.6.1-jdk25-noble@sha256:b94f2560a917545c815a1dedbb0d0cfc9f31083c777dd2cb72235fbcd5cbe8e3
#3 DONE 0.0s

#4 [internal] load .dockerignore
#4 transferring context: 2B done
#4 DONE 0.0s

#5 [gradle 1/1] FROM docker.io/library/gradle:9.6.1-jdk25-noble@sha256:b94f2560a917545c815a1dedbb0d0cfc9f31083c777dd2cb72235fbcd5cbe8e3
#5 ...

#6 [internal] load build context
#6 transferring context: 615B done
#6 DONE 0.1s

#5 [gradle 1/1] FROM docker.io/library/gradle:9.6.1-jdk25-noble@sha256:b94f2560a917545c815a1dedbb0d0cfc9f31083c777dd2cb72235fbcd5cbe8e3
#5 resolve docker.io/library/gradle:9.6.1-jdk25-noble@sha256:b94f2560a917545c815a1dedbb0d0cfc9f31083c777dd2cb72235fbcd5cbe8e3 0.0s done
#5 ...

#7 [stage-1 1/5] FROM docker.io/library/maven:3.9.16-eclipse-temurin-25-noble@sha256:dd8e01b3be719853578c07b57ff8d9bbbbfe746f802226f05b19689420815221
#7 resolve docker.io/library/maven:3.9.16-eclipse-temurin-25-noble@sha256:dd8e01b3be719853578c07b57ff8d9bbbbfe746f802226f05b19689420815221 0.0s done
#7 DONE 0.4s

#5 [gradle 1/1] FROM docker.io/library/gradle:9.6.1-jdk25-noble@sha256:b94f2560a917545c815a1dedbb0d0cfc9f31083c777dd2cb72235fbcd5cbe8e3
#5 DONE 0.4s

#8 [stage-1 2/5] COPY --from=gradle /opt/gradle /opt/gradle
#8 DONE 0.3s

#9 [stage-1 3/5] RUN set -eux; ln -s /opt/gradle/bin/gradle /usr/local/bin/gradle; mkdir -p /root/.gradle;     printf 'org.gradle.daemon=false\norg.gradle.java.installations.auto-download=false\norg.gradle.java.installations.auto-detect=true\n' > /root/.gradle/gradle.properties
#9 0.227 + ln -s /opt/gradle/bin/gradle /usr/local/bin/gradle
#9 0.229 + mkdir -p /root/.gradle
#9 0.230 + printf org.gradle.daemon=false\norg.gradle.java.installations.auto-download=false\norg.gradle.java.installations.auto-detect=true\n
#9 DONE 0.2s

#10 [stage-1 4/5] COPY Yetenek.java /opt/pq/Yetenek.java
#10 DONE 0.0s

#11 [stage-1 5/5] RUN set -eux; echo "SURUM $(java -version 2>&1 | head -2 | tr '\n' ' ')"; echo "SURUM $(mvn -v 2>&1 | head -1)";     echo "SURUM $(gradle --version 2>/dev/null | grep -E '^Gradle')"; echo "SURUM $(git --version)"; echo "SURUM sistem $(openssl version)";     java /opt/pq/Yetenek.java
#11 0.215 + java -version
#11 0.215 + head -2
#11 0.216 + tr \n  
#11 0.235 SURUM openjdk version "25.0.4" 2026-07-21 LTS OpenJDK Runtime Environment Temurin-25.0.4+7 (build 25.0.4+7-LTS) 
#11 0.235 + echo SURUM openjdk version "25.0.4" 2026-07-21 LTS OpenJDK Runtime Environment Temurin-25.0.4+7 (build 25.0.4+7-LTS) 
#11 0.235 + mvn -v
#11 0.235 + head -1
#11 0.397 + echo SURUM Apache Maven 3.9.16 (2bdd9fddda4b155ebf8000e807eb73fd829a51d5)
#11 0.397 SURUM Apache Maven 3.9.16 (2bdd9fddda4b155ebf8000e807eb73fd829a51d5)
#11 0.397 + gradle --version
#11 0.397 + grep -E ^Gradle
#11 0.781 SURUM Gradle 9.6.1
#11 0.781 + echo SURUM Gradle 9.6.1
#11 0.781 + git --version
#11 0.782 SURUM git version 2.43.0
#11 0.782 + echo SURUM git version 2.43.0
#11 0.782 + openssl version
#11 0.784 SURUM sistem OpenSSL 3.0.13 30 Jan 2024 (Library: OpenSSL 3.0.13 30 Jan 2024)
#11 0.784 + echo SURUM sistem OpenSSL 3.0.13 30 Jan 2024 (Library: OpenSSL 3.0.13 30 Jan 2024)
#11 0.784 + java /opt/pq/Yetenek.java
#11 1.130 SURUM JCA SUN Signature ML-DSA-65
#11 1.130 SURUM JCA SUN Signature ML-DSA-87
#11 1.130 SURUM JCA SUN Signature ML-DSA-44
#11 1.130 SURUM JCA SUN Signature ML-DSA
#11 DONE 1.2s

#12 exporting to image
#12 exporting layers
#12 exporting layers 2.7s done
#12 exporting manifest sha256:970f0419e16796b7a35c7f0d3a6e2e39d7c247e1f7bcb1776308ca76ce1a9d52 0.0s done
#12 exporting config sha256:f757341391cda63ad5168c00f17d0f403b87f3ba660e11b9a17296e14c388478 0.0s done
#12 exporting attestation manifest sha256:486d0da26c0ffeb7cd9808e64966bd3bbc9c90cefe575ffebd243d4e7410c2b8 0.0s done
#12 exporting manifest list sha256:1900053fd579a7ca0b4cfd6334a30f202d5ffdf737bb6bf06d56bd94d1cdb944 0.0s done
#12 naming to docker.io/library/pq-a09-env-jvm:1.0 done
#12 unpacking to docker.io/library/pq-a09-env-jvm:1.0
#12 unpacking to docker.io/library/pq-a09-env-jvm:1.0 0.6s done
#12 DONE 3.5s
