# hedef=JOSE-070 imaj=pq-a09-env-php:1.0 (sha256:a89612973cf41e3cb0597817bc85206aa10f11aa86b633636457a9fb99ad95c4) baslangic=2026-09-25T13:05:28Z zaman_asimi=900s
# komut: docker run --rm --name pq-a09-ortam-jose-070 --label pq.agir=derleme --memory=6g --memory-swap=6g -v hedefler/JOSE-070:/w -v betikler/konteyner:/b:ro pq-a09-env-php:1.0 sh -c '(bash|sh) /w/kur.sh'
== composer require firebase/php-jwt:7.2.0
./composer.json has been updated
Running composer update firebase/php-jwt
Loading composer repositories with package information
Updating dependencies
Lock file operations: 1 install, 0 updates, 0 removals
  - Locking firebase/php-jwt (v7.2.0)
Writing lock file
Installing dependencies from lock file (including require-dev)
Package operations: 1 install, 0 updates, 0 removals
  - Downloading firebase/php-jwt (v7.2.0)
  - Installing firebase/php-jwt (v7.2.0): Extracting archive
2 package suggestions were added by new dependencies, use `composer suggest` to see details.
Generating optimized autoload files
== sınıf yükleme kontrolü (hedef paketin sınıfları otomatik yükleyiciyle yüklenir; imza doğrulama YOK)
paket=firebase/php-jwt sinif_yuklendi=8 sinif_yuklenemedi=0
anahtar_sinif Firebase\JWT\JWT OK
== SONUC: basarili
# cikis_kodu=0 sure_s=3 bitis=2026-09-25T13:05:31Z
