# hedef=COSE-001 imaj=pq-a09-env-jvm:1.0 (sha256:1900053fd579a7ca0b4cfd6334a30f202d5ffdf737bb6bf06d56bd94d1cdb944) baslangic=2026-09-25T12:49:51Z zaman_asimi=1200s
# komut: docker run --rm --name pq-a09-ortam-cose-001 --label pq.agir=derleme --memory=6g --memory-swap=6g -v hedefler/COSE-001:/w -v betikler/konteyner:/b:ro pq-a09-env-jvm:1.0 bash /w/kur.sh
== mvn copy-dependencies (at.asitplus.signum:indispensable-cosef-jvm:3.26.0 )
[INFO] Scanning for projects...
[INFO] 
[INFO] ------------------------< pq.a09:ortam-deneme >-------------------------
[INFO] Building ortam-deneme 0
[INFO]   from pom.xml
[INFO] --------------------------------[ jar ]---------------------------------
[INFO] 
[INFO] --- dependency:3.8.1:copy-dependencies (default-cli) @ ortam-deneme ---
[INFO] ------------------------------------------------------------------------
[INFO] BUILD SUCCESS
[INFO] ------------------------------------------------------------------------
[INFO] Total time:  11.951 s
[INFO] Finished at: 2026-09-25T12:50:04Z
[INFO] ------------------------------------------------------------------------
== bağlama kontrolü (sınıflar ilklendirilmeden yüklenir; imza doğrulama YOK)
jar=indispensable-cosef-jvm-3.26.0.jar sinif_yuklendi=138 sinif_yuklenemedi=0
ad_eslesen_siniflar (Verif|Validat; bilgi): 
== SONUC: basarili
# cikis_kodu=0 sure_s=16 bitis=2026-09-25T12:50:07Z
