#0 building with "desktop-linux" instance using docker driver

#1 [internal] load build definition from Dockerfile
#1 transferring dockerfile: 2.31kB 0.0s done
#1 DONE 0.0s

#2 [internal] load metadata for docker.io/library/python:3.11-slim@sha256:9534e5a8e315485d4061ed659af0fd78a284c015f9b73661b41d6bab25604534
#2 DONE 0.1s

#3 [internal] load .dockerignore
#3 transferring context: 121B done
#3 DONE 0.0s

#4 [1/7] FROM docker.io/library/python:3.11-slim@sha256:9534e5a8e315485d4061ed659af0fd78a284c015f9b73661b41d6bab25604534
#4 resolve docker.io/library/python:3.11-slim@sha256:9534e5a8e315485d4061ed659af0fd78a284c015f9b73661b41d6bab25604534 0.0s done
#4 DONE 0.0s

#5 [internal] load build context
#5 transferring context: 495.80kB 0.0s done
#5 DONE 0.1s

#6 [2/7] COPY betikler/requirements.txt /opt/c3istat/requirements.txt
#6 CACHED

#7 [3/7] RUN pip install --require-hashes --only-binary=:all: --no-deps -r /opt/c3istat/requirements.txt  && pip check
#7 CACHED

#8 [4/7] COPY betikler/c3istat /opt/c3istat/c3istat
#8 DONE 0.1s

#9 [5/7] COPY sentetik-testler /opt/c3istat/sentetik-testler
#9 DONE 0.1s

#10 [6/7] RUN python -c "import sys; assert sys.version_info[:3] == (3, 11, 16), sys.version"  && python -c "import numpy, scipy, statsmodels; assert (numpy.__version__, scipy.__version__, statsmodels.__version__) == ('2.4.6', '1.17.1', '0.15.0')"  && python -m c3istat surum > /dev/null
#10 DONE 1.6s

#11 [7/7] WORKDIR /work
#11 DONE 0.1s

#12 exporting to image
#12 exporting layers
#12 exporting layers 0.3s done
#12 exporting manifest sha256:6379549e20b8fb42dc99c597c34f5da4bbe2981226be1b7f335193b1c70d9901 0.0s done
#12 exporting config sha256:71f3ea06fb5f1cc7832fd5e5da1450af4c49c817b63bf62074eb6dd015bcc389 0.0s done
#12 exporting attestation manifest sha256:516571480b04e4bc059cd41d2a8ff6e4882eecb232750ec997f29c8a6c85fb3b 0.1s done
#12 exporting manifest list sha256:f7bc4aa39c305a85d624de8ff9e75f25aa5fec943d035c664fbc2c5243c45966
#12 exporting manifest list sha256:f7bc4aa39c305a85d624de8ff9e75f25aa5fec943d035c664fbc2c5243c45966 0.0s done
#12 naming to docker.io/library/pq-a09-analiz:1.0 done
#12 unpacking to docker.io/library/pq-a09-analiz:1.0 0.1s done
#12 DONE 0.7s
